// Jest Snapshot v1, https://goo.gl/fbAQLP

exports[`renders correctly 1`] = `
<div
  className="react-multi-carousel-list banners__carousel "
  dir="ltr"
>
  <ul
    className="react-multi-carousel-track "
    onMouseDown={[Function]}
    onMouseEnter={[Function]}
    onMouseLeave={[Function]}
    onMouseMove={[Function]}
    onMouseUp={[Function]}
    onTouchEnd={[Function]}
    onTouchMove={[Function]}
    onTouchStart={[Function]}
    style={
      Object {
        "overflow": "unset",
        "transform": "translate3d(0px,0,0)",
        "transition": "none",
      }
    }
  />
</div>
`;
