// Jest Snapshot v1, https://goo.gl/fbAQLP

exports[`renders correctly 1`] = `
<button
  className="default_button"
  onClick={[Function]}
>
  Button
</button>
`;
