// Jest Snapshot v1, https://goo.gl/fbAQLP

exports[`renders correctly 1`] = `
<button
  className="dashed_link"
  onClick={[Function]}
>
  DashedLink
</button>
`;
