// Jest Snapshot v1, https://goo.gl/fbAQLP

exports[`renders correctly 1`] = `
<h2
  className="h2"
>
  H2
</h2>
`;
