// Jest Snapshot v1, https://goo.gl/fbAQLP

exports[`renders correctly 1`] = `
<h4
  className="h4"
>
  H4
</h4>
`;
