// Jest Snapshot v1, https://goo.gl/fbAQLP

exports[`renders correctly 1`] = `
<li
  className="link_in_list__item"
>
  <a
    className="link"
  >
    LinkInList
  </a>
</li>
`;
