// Jest Snapshot v1, https://goo.gl/fbAQLP

exports[`renders correctly 1`] = `
<section
  className="payment_and_delivery"
>
  <div
    className="payment_and_delivery__inner"
  >
    <h4
      className="payment_and_delivery__title h3"
    >
      Оплата и доставка
    </h4>
    <div
      className="payment_and_delivery__content"
    >
      <div
        className="payment_and_delivery__benefit"
      >
        <div
          className="payment_and_delivery__benefit_img"
        >
          <img
            alt="benefit"
            src="./icons/shop.png"
          />
        </div>
        <p
          className="payment_and_delivery__benefit_text text"
        >
          Широкий выбор блюд
        </p>
      </div>
      <div
        className="payment_and_delivery__benefit"
      >
        <div
          className="payment_and_delivery__benefit_img"
        >
          <img
            alt="benefit"
            src="./icons/car_with_paper.png"
          />
        </div>
        <p
          className="payment_and_delivery__benefit_text text"
        >
          Полная информация о заказе
        </p>
      </div>
      <div
        className="payment_and_delivery__benefit"
      >
        <div
          className="payment_and_delivery__benefit_img"
        >
          <img
            alt="benefit"
            src="./icons/check.png"
          />
        </div>
        <p
          className="payment_and_delivery__benefit_text text"
        >
          Удобное составление и быстрое приготовление заказа
        </p>
      </div>
      <div
        className="payment_and_delivery__benefit"
      >
        <div
          className="payment_and_delivery__benefit_img"
        >
          <img
            alt="benefit"
            src="./icons/car_with_time.png"
          />
        </div>
        <p
          className="payment_and_delivery__benefit_text text"
        >
          Доставка в течении 1 часа
        </p>
      </div>
    </div>
    <iframe
      allowFullScreen=""
      className="payment_and_delivery__map map"
      loading="lazy"
      referrerPolicy="no-referrer-when-downgrade"
      src="https://www.google.com/maps/embed?pb=!1m17!1m12!1m3!1d2250.5728539025727!2d37.47757307673972!3d55.66163797305065!2m3!1f0!2f0!3f0!3m2!1i1024!2i768!4f13.1!3m2!1m1!2zNTXCsDM5JzQxLjkiTiAzN8KwMjgnNDguNSJF!5e0!3m2!1sen!2sru!4v1721155631161!5m2!1sen!2sru"
    />
  </div>
</section>
`;
