// Jest Snapshot v1, https://goo.gl/fbAQLP

exports[`renders correctly 1`] = `
<a
  className="phone_number"
  href="tel:84993918449"
>
  8 499 391-84-49
</a>
`;
