// Jest Snapshot v1, https://goo.gl/fbAQLP

exports[`renders correctly 1`] = `
<h6
  className="h6"
>
  H6
</h6>
`;
