// Jest Snapshot v1, https://goo.gl/fbAQLP

exports[`renders correctly 1`] = `
<nav
  className="header__navbar"
>
  <ul
    className="header__list"
  >
    <li
      className="header__item link_in_list__item"
    >
      <a
        className="header__link link_in_list__link"
      >
        Пицца
      </a>
    </li>
    <li
      className="header__item link_in_list__item"
    >
      <a
        className="header__link link_in_list__link"
      >
        Паста
      </a>
    </li>
    <li
      className="header__item link_in_list__item"
    >
      <a
        className="header__link link_in_list__link"
      >
        Супы
      </a>
    </li>
    <li
      className="header__item link_in_list__item"
    >
      <a
        className="header__link link_in_list__link"
      >
        Салаты
      </a>
    </li>
    <li
      className="header__item link_in_list__item"
    >
      <a
        className="header__link link_in_list__link"
      >
        Напитки
      </a>
    </li>
    <li
      className="header__item link_in_list__item"
    >
      <a
        className="header__link link_in_list__link"
      >
        Десерты
      </a>
    </li>
    <li
      className="header__item link_in_list__item"
    >
      <a
        className="header__link link_in_list__link"
      >
        Бакалея
      </a>
    </li>
    <li
      className="header__item link_in_list__item"
    >
      <a
        className="header__link link_in_list__link"
      >
        Антипасти
      </a>
    </li>
    <li
      className="header__item link_in_list__item"
    >
      <a
        className="header__link link_in_list__link"
      >
        Акции
      </a>
    </li>
    <li
      className="header__item link_in_list__item"
    >
      <a
        className="header__link link_in_list__link"
      >
        Комбо
      </a>
    </li>
    <li
      className="header__item link_in_list__item"
    >
      <a
        className="header__link link_in_list__link"
      >
        Контакты
      </a>
    </li>
  </ul>
  <button
    className="header__auth"
  >
    Войти
  </button>
  <button
    className="header__cart_btn default_button"
  >
    Корзина | 0
  </button>
</nav>
`;
