// Jest Snapshot v1, https://goo.gl/fbAQLP

exports[`renders correctly 1`] = `
<a
  className="logo"
>
  <img
    alt="logo"
    src="./icons/logo_1.png"
  />
</a>
`;
